// Jest Snapshot v1, https://goo.gl/fbAQLP

exports[`ErrorBoundary should render 1`] = `"<div><div class="contents" data-color-scheme="light" data-primary-scheme="denim" data-accent-scheme="jade"><div class="viewport-wrapper"><div data-test-loading="false" class="ax-page  "><div class="ax-section "><div role="none" class="ax-header text-primary justify-center">Title</div><div class="ax-content "><div class="ax-error-boundary"><div><div class="p-4"><div class="flex items-center"><svg xmlns="http://www.w3.org/2000/svg" viewBox="0 0 64 64" class="size-10"><path fill="#242424" d="M64 32c0 17.673-14.327 32-32 32s-32-14.327-32-32 14.327-32 32-32 32 14.327 32 32z"></path><path fill="#ffffff" d="M63.5 32c0 17.397-14.103 31.5-31.5 31.5s-31.5-14.103-31.5-31.5 14.103-31.5 31.5-31.5 31.5 14.103 31.5 31.5z"></path><path fill="#f44336" d="M60 32c0 15.464-12.536 28-28 28s-28-12.536-28-28c0-15.464 12.536-28 28-28s28 12.536 28 28z"></path><path fill="#fafafa" d="M50.667 35.733h-37.333c-1.031 0-1.867-0.835-1.867-1.867v-3.733c0-1.031 0.835-1.867 1.867-1.867h37.333c1.031 0 1.867 0.835 1.867 1.867v3.733c0 1.031-0.835 1.867-1.867 1.867z"></path></svg><div class="px-2 self-start flex-auto"><div><p>Application error [badcall is not defined]</p><a class="link">Navigate to previous state</a></div></div></div></div></div></div></div></div></div></div><div class="ax-overlay__container" data-mode="overlay"></div><div class="ax-overlay__container" data-mode="alert"></div><div class="ax-notification__container" data-mode="toast"></div><div class="ax-notification__container" data-mode="message"></div></div></div>"`;
