// Jest Snapshot v1, https://goo.gl/fbAQLP

exports[`Confirm Button should render 1`] = `"<div><div class="contents" data-color-scheme="light" data-primary-scheme="denim" data-accent-scheme="jade"><div class="w-64 px-8 py-4 flex justify-center"><div data-active="false" data-round="false" data-square="false" data-spinner="false" data-loading="false" data-disabled="false" class="ax-button "><button aria-expanded="true" data-headlessui-state="open" role="button" class="ax-button__inner" data-disabled="false" data-popover-open="true" tabindex="0" type="button" id="headlessui-popover-button-:r0:" aria-controls="headlessui-popover-panel-:r2:"><div class="ax-button__label">Click Me</div></button></div><div style="position: fixed; top: 1px; left: 1px; width: 1px; height: 0px; padding: 0px; margin: -1px; overflow: hidden; clip: rect(0px, 0px, 0px, 0px); white-space: nowrap; border-width: 0px; display: none;"></div></div><div class="ax-overlay__container" data-mode="overlay"></div><div class="ax-overlay__container" data-mode="alert"></div><div class="ax-notification__container" data-mode="toast"></div><div class="ax-notification__container" data-mode="message"></div><div class="ax-popover__mask" id="headlessui-popover-overlay-:r5:" aria-hidden="true" data-headlessui-state="open"></div><div class="ax-popover " style="position: fixed; left: 0px; top: 0px;" id="headlessui-popover-panel-:r2:" tabindex="-1" data-headlessui-state="open"><div role="none" class="ax-popover__container "><div class="p-2" role="none"><div>Shall it be confirmed?</div><div class="flex justify-end"><div data-type="link" data-size="sm" data-color="success" data-active="false" data-round="false" data-square="false" data-spinner="false" data-loading="false" data-disabled="false" class="ax-button "><button data-headlessui-state="open" role="button" class="ax-button__inner" data-disabled="false" tabindex="0" type="button"><div class="ax-button__label">Cancel</div></button></div><div data-type="solid" data-size="sm" data-color="success" data-active="false" data-round="false" data-square="false" data-spinner="false" data-loading="false" data-disabled="false" class="ax-button "><button data-headlessui-state="open" role="button" class="ax-button__inner" data-disabled="false" tabindex="0" type="button"><div class="ax-button__label">OK</div></button></div></div></div></div><div class="ax-popover__arrow" style="position: absolute;"></div></div></div></div>"`;
