// Jest Snapshot v1, https://goo.gl/fbAQLP

exports[`Button should be disabled 1`] = `"<div></div><div></div><div></div><div><div class="contents" data-color-scheme="light" data-primary-scheme="denim" data-accent-scheme="jade"><div data-active="false" data-round="false" data-square="false" data-spinner="false" data-loading="false" data-disabled="true" class="ax-button "><button role="button" class="ax-button__inner" data-disabled="true" tabindex="0" type="button"><div class="ax-button__label">Click Me</div></button></div><div class="ax-overlay__container" data-mode="overlay"></div><div class="ax-overlay__container" data-mode="alert"></div><div class="ax-notification__container" data-mode="toast"></div><div class="ax-notification__container" data-mode="message"></div></div></div>"`;

exports[`Button should render 1`] = `"<div><div class="contents" data-color-scheme="light" data-primary-scheme="denim" data-accent-scheme="jade"><div data-active="false" data-round="false" data-square="false" data-spinner="false" data-loading="false" data-disabled="false" class="ax-button "><button role="button" class="ax-button__inner" data-disabled="false" tabindex="0" type="button"><div class="ax-button__label">Click Me</div></button></div><div class="ax-overlay__container" data-mode="overlay"></div><div class="ax-overlay__container" data-mode="alert"></div><div class="ax-notification__container" data-mode="toast"></div><div class="ax-notification__container" data-mode="message"></div></div></div>"`;

exports[`Button should render icon and label 1`] = `"<div></div><div></div><div><div class="contents" data-color-scheme="light" data-primary-scheme="denim" data-accent-scheme="jade"><div data-active="false" data-round="false" data-square="false" data-spinner="false" data-loading="false" data-disabled="false" class="ax-button "><button role="button" class="ax-button__inner" data-disabled="false" tabindex="0" type="button"><span role="presentation" class="ax-icon ax-button__icon"><i class="mdi mdi-bell"></i></span><div class="ax-button__label">Click Me</div></button></div><div class="ax-overlay__container" data-mode="overlay"></div><div class="ax-overlay__container" data-mode="alert"></div><div class="ax-notification__container" data-mode="toast"></div><div class="ax-notification__container" data-mode="message"></div></div></div>"`;

exports[`Button should render icon only 1`] = `"<div></div><div><div class="contents" data-color-scheme="light" data-primary-scheme="denim" data-accent-scheme="jade"><div data-active="false" data-round="false" data-square="true" data-spinner="false" data-loading="false" data-disabled="false" class="ax-button "><button role="button" class="ax-button__inner" data-disabled="false" tabindex="0" type="button"><span role="presentation" class="ax-icon ax-button__icon"><i class="mdi mdi-bell"></i></span></button></div><div class="ax-overlay__container" data-mode="overlay"></div><div class="ax-overlay__container" data-mode="alert"></div><div class="ax-notification__container" data-mode="toast"></div><div class="ax-notification__container" data-mode="message"></div></div></div>"`;

exports[`Button should show loading overlay 1`] = `"<div></div><div></div><div></div><div></div><div><div class="contents" data-color-scheme="light" data-primary-scheme="denim" data-accent-scheme="jade"><div data-active="false" data-round="false" data-square="false" data-spinner="false" data-loading="true" data-disabled="false" class="ax-button "><div class="ax-button__loader"></div><button role="button" class="ax-button__inner" data-disabled="true" tabindex="0" type="button"><div class="ax-button__label">Click Me</div></button></div><div class="ax-overlay__container" data-mode="overlay"></div><div class="ax-overlay__container" data-mode="alert"></div><div class="ax-notification__container" data-mode="toast"></div><div class="ax-notification__container" data-mode="message"></div></div></div>"`;
