// Jest Snapshot v1, https://goo.gl/fbAQLP

exports[`Dropdown Button should render 1`] = `"<div><div class="contents" data-color-scheme="light" data-primary-scheme="denim" data-accent-scheme="jade"><div data-active="false" data-round="false" data-square="false" data-spinner="false" data-loading="false" data-disabled="false" class="ax-button "><button id="headlessui-menu-button-:r0:" aria-haspopup="menu" aria-expanded="true" data-headlessui-state="open" role="button" class="ax-button__inner" data-disabled="false" data-popover-open="true" tabindex="0" type="button" aria-controls="headlessui-menu-items-:r1:"><div class="ax-button__label">Open me</div><span role="presentation" class="ax-icon ax-button__caret"><svg viewBox="0 0 24 24"><path fill="currentColor" d="M5.293 9.707l6 6c0.391 0.391 1.024 0.391 1.414 0l6-6c0.391-0.391 0.391-1.024 0-1.414s-1.024-0.391-1.414 0l-5.293 5.293-5.293-5.293c-0.391-0.391-1.024-0.391-1.414 0s-0.391 1.024 0 1.414z"></path></svg></span></button></div><div class="ax-overlay__container" data-mode="overlay"></div><div class="ax-overlay__container" data-mode="alert"></div><div class="ax-notification__container" data-mode="toast"></div><div class="ax-notification__container" data-mode="message"></div><div class="fixed inset-0"></div><div class="ax-popover ax-button__dropdown " style="position: fixed; left: 0px; top: 0px;" aria-labelledby="headlessui-menu-button-:r0:" id="headlessui-menu-items-:r1:" role="menu" tabindex="0" data-headlessui-state="open"><div class="ax-popover__container ax-menu" role="none"><div role="menuitem" id="headlessui-menu-item-:r2:" tabindex="-1" data-headlessui-state=""><div data-id="menu-test" class="ax-menu__item " data-hover="false"><span role="presentation" class="ax-icon ax-menu__icon"><svg><text x="50%" y="50%" dy=".15em" dominant-baseline="middle" text-anchor="middle"></text></svg></span><div class="ax-menu__label">Test menu</div></div></div></div></div></div></div>"`;
