// Jest Snapshot v1, https://goo.gl/fbAQLP

exports[`Action Button should render 1`] = `"<div><div class="contents" data-color-scheme="light" data-primary-scheme="denim" data-accent-scheme="jade"><div data-active="false" data-round="false" data-square="false" data-spinner="false" data-loading="false" data-disabled="false" class="ax-button "><button data-active="false" data-action-done="false" role="button" class="ax-button__inner" data-disabled="false" tabindex="0" type="button"><div class="ax-button__label">Click Me</div></button></div><div class="ax-overlay__container" data-mode="overlay"></div><div class="ax-overlay__container" data-mode="alert"></div><div class="ax-notification__container" data-mode="toast"></div><div class="ax-notification__container" data-mode="message"></div></div></div>"`;
