// Jest Snapshot v1, https://goo.gl/fbAQLP

exports[`Tag should be clickable 1`] = `"<div></div><div></div><div></div><div><div class="contents" data-color-scheme="light" data-primary-scheme="denim" data-accent-scheme="jade"><div role="button" tabindex="-1" class="ax-tag " data-clickable="true"><label>Click Me</label><span class="close-x" role="button" aria-label="close" tabindex="-1"><span role="presentation" class="ax-icon "><svg viewBox="0 0 24 24"><path fill="currentColor" d="M5.293 6.707l5.293 5.293-5.293 5.293c-0.391 0.391-0.391 1.024 0 1.414s1.024 0.391 1.414 0l5.293-5.293 5.293 5.293c0.391 0.391 1.024 0.391 1.414 0s0.391-1.024 0-1.414l-5.293-5.293 5.293-5.293c0.391-0.391 0.391-1.024 0-1.414s-1.024-0.391-1.414 0l-5.293 5.293-5.293-5.293c-0.391-0.391-1.024-0.391-1.414 0s-0.391 1.024 0 1.414z"></path></svg></span></span></div><div class="ax-overlay__container" data-mode="overlay"></div><div class="ax-overlay__container" data-mode="alert"></div><div class="ax-notification__container" data-mode="toast"></div><div class="ax-notification__container" data-mode="message"></div></div></div>"`;

exports[`Tag should be closable 1`] = `"<div></div><div></div><div></div><div></div><div><div class="contents" data-color-scheme="light" data-primary-scheme="denim" data-accent-scheme="jade"><div role="button" tabindex="-1" class="ax-tag " data-clickable="true"><label>Click Me</label><span class="close-x" role="button" aria-label="close" tabindex="-1"><span role="presentation" class="ax-icon "><svg viewBox="0 0 24 24"><path fill="currentColor" d="M5.293 6.707l5.293 5.293-5.293 5.293c-0.391 0.391-0.391 1.024 0 1.414s1.024 0.391 1.414 0l5.293-5.293 5.293 5.293c0.391 0.391 1.024 0.391 1.414 0s0.391-1.024 0-1.414l-5.293-5.293 5.293-5.293c0.391-0.391 0.391-1.024 0-1.414s-1.024-0.391-1.414 0l-5.293 5.293-5.293-5.293c-0.391-0.391-1.024-0.391-1.414 0s-0.391 1.024 0 1.414z"></path></svg></span></span></div><div class="ax-overlay__container" data-mode="overlay"></div><div class="ax-overlay__container" data-mode="alert"></div><div class="ax-notification__container" data-mode="toast"></div><div class="ax-notification__container" data-mode="message"></div></div></div>"`;

exports[`Tag should be disabled 1`] = `"<div></div><div></div><div></div><div></div><div></div><div><div class="contents" data-color-scheme="light" data-primary-scheme="denim" data-accent-scheme="jade"><div role="button" tabindex="-1" class="ax-tag " data-clickable="true" data-disabled="true"><label>Click Me</label><span class="close-x" role="button" aria-label="close" tabindex="-1"><span role="presentation" class="ax-icon "><svg viewBox="0 0 24 24"><path fill="currentColor" d="M5.293 6.707l5.293 5.293-5.293 5.293c-0.391 0.391-0.391 1.024 0 1.414s1.024 0.391 1.414 0l5.293-5.293 5.293 5.293c0.391 0.391 1.024 0.391 1.414 0s0.391-1.024 0-1.414l-5.293-5.293 5.293-5.293c0.391-0.391 0.391-1.024 0-1.414s-1.024-0.391-1.414 0l-5.293 5.293-5.293-5.293c-0.391-0.391-1.024-0.391-1.414 0s-0.391 1.024 0 1.414z"></path></svg></span></span></div><div class="ax-overlay__container" data-mode="overlay"></div><div class="ax-overlay__container" data-mode="alert"></div><div class="ax-notification__container" data-mode="toast"></div><div class="ax-notification__container" data-mode="message"></div></div></div>"`;

exports[`Tag should render 1`] = `"<div><div class="contents" data-color-scheme="light" data-primary-scheme="denim" data-accent-scheme="jade"><div role="button" tabindex="-1" class="ax-tag " data-clickable="true"><label>Simple Tag</label><span class="close-x" role="button" aria-label="close" tabindex="-1"><span role="presentation" class="ax-icon "><svg viewBox="0 0 24 24"><path fill="currentColor" d="M5.293 6.707l5.293 5.293-5.293 5.293c-0.391 0.391-0.391 1.024 0 1.414s1.024 0.391 1.414 0l5.293-5.293 5.293 5.293c0.391 0.391 1.024 0.391 1.414 0s0.391-1.024 0-1.414l-5.293-5.293 5.293-5.293c0.391-0.391 0.391-1.024 0-1.414s-1.024-0.391-1.414 0l-5.293 5.293-5.293-5.293c-0.391-0.391-1.024-0.391-1.414 0s-0.391 1.024 0 1.414z"></path></svg></span></span></div><div class="ax-overlay__container" data-mode="overlay"></div><div class="ax-overlay__container" data-mode="alert"></div><div class="ax-notification__container" data-mode="toast"></div><div class="ax-notification__container" data-mode="message"></div></div></div>"`;

exports[`Tag should render icon and label 1`] = `"<div></div><div></div><div><div class="contents" data-color-scheme="light" data-primary-scheme="denim" data-accent-scheme="jade"><div role="button" tabindex="-1" class="ax-tag " data-clickable="true"><span role="presentation" class="ax-icon "><i class="mdi mdi-bell"></i></span><label>Click Me</label><span class="close-x" role="button" aria-label="close" tabindex="-1"><span role="presentation" class="ax-icon "><svg viewBox="0 0 24 24"><path fill="currentColor" d="M5.293 6.707l5.293 5.293-5.293 5.293c-0.391 0.391-0.391 1.024 0 1.414s1.024 0.391 1.414 0l5.293-5.293 5.293 5.293c0.391 0.391 1.024 0.391 1.414 0s0.391-1.024 0-1.414l-5.293-5.293 5.293-5.293c0.391-0.391 0.391-1.024 0-1.414s-1.024-0.391-1.414 0l-5.293 5.293-5.293-5.293c-0.391-0.391-1.024-0.391-1.414 0s-0.391 1.024 0 1.414z"></path></svg></span></span></div><div class="ax-overlay__container" data-mode="overlay"></div><div class="ax-overlay__container" data-mode="alert"></div><div class="ax-notification__container" data-mode="toast"></div><div class="ax-notification__container" data-mode="message"></div></div></div>"`;

exports[`Tag should render with icon 1`] = `"<div></div><div><div class="contents" data-color-scheme="light" data-primary-scheme="denim" data-accent-scheme="jade"><div role="button" tabindex="-1" class="ax-tag " data-clickable="true"><span role="presentation" class="ax-icon "><i class="mdi mdi-bell"></i></span><label>Tag Label</label><span class="close-x" role="button" aria-label="close" tabindex="-1"><span role="presentation" class="ax-icon "><svg viewBox="0 0 24 24"><path fill="currentColor" d="M5.293 6.707l5.293 5.293-5.293 5.293c-0.391 0.391-0.391 1.024 0 1.414s1.024 0.391 1.414 0l5.293-5.293 5.293 5.293c0.391 0.391 1.024 0.391 1.414 0s0.391-1.024 0-1.414l-5.293-5.293 5.293-5.293c0.391-0.391 0.391-1.024 0-1.414s-1.024-0.391-1.414 0l-5.293 5.293-5.293-5.293c-0.391-0.391-1.024-0.391-1.414 0s-0.391 1.024 0 1.414z"></path></svg></span></span></div><div class="ax-overlay__container" data-mode="overlay"></div><div class="ax-overlay__container" data-mode="alert"></div><div class="ax-notification__container" data-mode="toast"></div><div class="ax-notification__container" data-mode="message"></div></div></div>"`;
